// Jest Snapshot v1, https://goo.gl/fbAQLP

exports[`transform-filename transforms icons 1`] = `
Array [
  "Icon.js",
  "MdCheck.js",
  "MdThumbUp.js",
  "index.js",
]
`;
