// Jest Snapshot v1, https://goo.gl/fbAQLP

exports[`transform-filename transforms icons 1`] = `
[
  "Icon.jsx",
  "MdCheck.jsx",
  "MdThumbUp.jsx",
  "index.jsx",
]
`;
