// Jest Snapshot v1, https://goo.gl/fbAQLP

exports[`BaseIcon renders icon 1`] = `
Array [
  <svg
    fill="currentColor"
  >
    <path />
  </svg>,
  <svg
    className="MyIcon"
    fill="currentColor"
  >
    <path />
  </svg>,
  <svg
    fill="red"
  >
    <path />
  </svg>,
  <svg
    fill="currentColor"
    height={40}
    width={40}
  >
    <path />
  </svg>,
  <svg
    fill="currentColor"
    height={20}
    width={10}
  >
    <path />
  </svg>,
  <span
    style={
      Object {
        "alignItems": "center",
        "display": "inline-flex",
      }
    }
  >
    ​
    <svg
      fill="currentColor"
      height="1.2em"
      width="1.2em"
    >
      <path />
    </svg>
  </span>,
  <svg
    fill="currentColor"
    height="1.2em"
    width="1.2em"
  >
    <path />
  </svg>,
  <span
    style={
      Object {
        "alignItems": "center",
        "display": "inline-flex",
      }
    }
  >
    ​
    <svg
      fill="currentColor"
    >
      <path />
    </svg>
  </span>,
]
`;
